Looking for simulation folders in: /raven/ptmp/truzaikin/Si/orthogonal/Feb/Feb13_2eV, excluding 'slurm_logs'
Found 8 simulation folders (excluding 'slurm_logs') in /raven/ptmp/truzaikin/Si/orthogonal/Feb/Feb13_2eV.
There are 8 simulation folders.
Output/Error logs will be in the 'slurm_logs' directory.
--- Task Start ---
SLURM Array Job ID: 24327334
SLURM Array Task ID: 1
Parent Simulation Directory: /raven/ptmp/truzaikin/Si/orthogonal/Feb/Feb13_2eV
Processing folder: /raven/ptmp/truzaikin/Si/orthogonal/Feb/Feb13_2eV/c333_s0.025_r18_k16_a1_i804_t9_p4d10_6d11_2eV
Current directory: /raven/ptmp/truzaikin/Si/orthogonal/Feb/Feb13_2eV/c333_s0.025_r18_k16_a1_i804_t9_p4d10_6d11_2eV
SLURM_JOB_NUM_NODES = 125
OMP_NUM_THREADS = 1
--- Task 1 completed for folder /raven/ptmp/truzaikin/Si/orthogonal/Feb/Feb13_2eV/c333_s0.025_r18_k16_a1_i804_t9_p4d10_6d11_2eV ---
                                  
================================= 
Global information about the job: 
================================= 
  
Job owner: truzaikin(75115)
Job name:  salmon
Node list: ravc[2001-2002,2006-2007,2012,2020,2022-2026,2031-2033,2036,2038-2039,2113-2144,2193-2200,2288,2401-2403,2411-2412,2414-2416,2418-2419,2424-2428,2545-2552,2565-2567,2569-2572,2576,2617-2619,2621-2623,2629-2634,2636-2637,2640-2643,2646-2647,2689-2692,2700-2703,2705-2707,2713-2717]
Job start: Fri Feb 13 21:37:04 CET 2026
Job end:   Sat Feb 14 04:32:12 CET 2026
Work dir:  /ptmp/truzaikin/Si/orthogonal/Feb/Feb13_2eV/./
Command:   /raven/ptmp/truzaikin/Si/orthogonal/Feb/Feb13_2eV/SUBMIT_RAVEN.sh
  
  
  
==========================================================================================
Information on jobsteps (Note: MaxRSS/AveRSS is the maximum/average over all 
tasks of the per-task memory high-water marks; cf. "man sacct"): 
==========================================================================================
  
JobID            JobName NNodes NTasks  NCPUS       MaxRSS       AveRSS    Elapsed ExitCode
------------- ---------- ------ ------ ------ ------------ ------------ ---------- --------
24327334_1        salmon    125         18000                             06:55:08      0:0
24327334_1.0      salmon    125   9000  18000     1473.94M     1237.52M   00:43:47      0:0
24327334_1.1      salmon    125   9000  18000     3414.27M     2137.04M   02:03:46      0:0
24327334_1.2      salmon    125   9000  18000     3584.61M     2128.42M   02:03:43      0:0
24327334_1.3      salmon    125   9000  18000     3454.27M     2132.80M   02:03:43      0:0
  
Maximum memory per node: 270.628946 GB (defined as MaxRSS*Ntasks/NNodes)
CPU utilization: 99.8 %
  
