Looking for simulation folders in: /raven/ptmp/truzaikin/Si/orthogonal/Feb/Feb13_2eV, excluding 'slurm_logs'
Found 8 simulation folders (excluding 'slurm_logs') in /raven/ptmp/truzaikin/Si/orthogonal/Feb/Feb13_2eV.
There are 8 simulation folders.
Output/Error logs will be in the 'slurm_logs' directory.
--- Task Start ---
SLURM Array Job ID: 24327334
SLURM Array Task ID: 6
Parent Simulation Directory: /raven/ptmp/truzaikin/Si/orthogonal/Feb/Feb13_2eV
Processing folder: /raven/ptmp/truzaikin/Si/orthogonal/Feb/Feb13_2eV/c333_s0.150_r18_k16_a1_i804_t9_p4d10_6d11_2eV
Current directory: /raven/ptmp/truzaikin/Si/orthogonal/Feb/Feb13_2eV/c333_s0.150_r18_k16_a1_i804_t9_p4d10_6d11_2eV
SLURM_JOB_NUM_NODES = 125
OMP_NUM_THREADS = 1
--- Task 6 completed for folder /raven/ptmp/truzaikin/Si/orthogonal/Feb/Feb13_2eV/c333_s0.150_r18_k16_a1_i804_t9_p4d10_6d11_2eV ---
                                  
================================= 
Global information about the job: 
================================= 
  
Job owner: truzaikin(75115)
Job name:  salmon
Node list: ravc[2004-2005,2009-2011,2013,2016,2034,2037,2075,2079-2080,2093,2096,2099-2100,2105,2109,2149-2150,2152,2177-2179,2201,2216,2278,2285,2334-2337,2339-2342,2345,2361-2364,2369-2372,2377-2384,2389-2393,2396,2400,2473-2475,2487,2492-2497,2502-2504,2553-2560,2577-2580,2584-2585,2596,2598-2600,2607,2612-2613,2627-2628,2635,2638-2639,2644-2645,2648,2668-2680,2682-2684,2704,2708-2712,2718]
Job start: Sat Feb 14 09:39:12 CET 2026
Job end:   Sat Feb 14 16:10:32 CET 2026
Work dir:  /ptmp/truzaikin/Si/orthogonal/Feb/Feb13_2eV/./
Command:   /raven/ptmp/truzaikin/Si/orthogonal/Feb/Feb13_2eV/SUBMIT_RAVEN.sh
  
  
  
==========================================================================================
Information on jobsteps (Note: MaxRSS/AveRSS is the maximum/average over all 
tasks of the per-task memory high-water marks; cf. "man sacct"): 
==========================================================================================
  
JobID            JobName NNodes NTasks  NCPUS       MaxRSS       AveRSS    Elapsed ExitCode
------------- ---------- ------ ------ ------ ------------ ------------ ---------- --------
24327334_6        salmon    125         18000                             06:31:20      0:0
24327334_6.0      salmon    125   9000  18000     1477.11M     1233.51M   00:20:08      0:0
24327334_6.1      salmon    125   9000  18000     3472.19M     2134.41M   02:03:44      0:0
24327334_6.2      salmon    125   9000  18000     3321.79M     2132.04M   02:03:40      0:0
24327334_6.3      salmon    125   9000  18000     3395.49M     2130.08M   02:03:41      0:0
  
Maximum memory per node: 262.141379 GB (defined as MaxRSS*Ntasks/NNodes)
CPU utilization: 99.8 %
  
