Looking for simulation folders in: /raven/ptmp/truzaikin/Si/orthogonal/Feb/Feb13_2eV, excluding 'slurm_logs'
Found 8 simulation folders (excluding 'slurm_logs') in /raven/ptmp/truzaikin/Si/orthogonal/Feb/Feb13_2eV.
There are 8 simulation folders.
Output/Error logs will be in the 'slurm_logs' directory.
--- Task Start ---
SLURM Array Job ID: 24327334
SLURM Array Task ID: 8
Parent Simulation Directory: /raven/ptmp/truzaikin/Si/orthogonal/Feb/Feb13_2eV
Processing folder: /raven/ptmp/truzaikin/Si/orthogonal/Feb/Feb13_2eV/c333_s0.200_r18_k16_a1_i804_t9_p4d10_6d11_2eV
Current directory: /raven/ptmp/truzaikin/Si/orthogonal/Feb/Feb13_2eV/c333_s0.200_r18_k16_a1_i804_t9_p4d10_6d11_2eV
SLURM_JOB_NUM_NODES = 125
OMP_NUM_THREADS = 1
--- Task 8 completed for folder /raven/ptmp/truzaikin/Si/orthogonal/Feb/Feb13_2eV/c333_s0.200_r18_k16_a1_i804_t9_p4d10_6d11_2eV ---
                                  
================================= 
Global information about the job: 
================================= 
  
Job owner: truzaikin(75115)
Job name:  salmon
Node list: ravc[2113-2144,2193-2200,2204-2208,2257-2263,2279-2284,2401-2403,2411-2412,2414-2416,2418-2419,2424-2428,2545-2552,2565-2567,2569-2572,2576,2617-2619,2621-2623,2629-2634,2636-2637,2640-2643,2646-2647,2689-2692,2700-2703,2705-2707,2713-2717]
Job start: Sat Feb 14 11:36:11 CET 2026
Job end:   Sat Feb 14 18:30:04 CET 2026
Work dir:  /ptmp/truzaikin/Si/orthogonal/Feb/Feb13_2eV/./
Command:   /raven/ptmp/truzaikin/Si/orthogonal/Feb/Feb13_2eV/SUBMIT_RAVEN.sh
  
  
  
==========================================================================================
Information on jobsteps (Note: MaxRSS/AveRSS is the maximum/average over all 
tasks of the per-task memory high-water marks; cf. "man sacct"): 
==========================================================================================
  
JobID            JobName NNodes NTasks  NCPUS       MaxRSS       AveRSS    Elapsed ExitCode
------------- ---------- ------ ------ ------ ------------ ------------ ---------- --------
24327334_8        salmon    125         18000                             06:53:53      0:0
24327334_8.0      salmon    125   9000  18000     1476.58M     1237.28M   00:43:02      0:0
24327334_8.1      salmon    125   9000  18000     3593.84M     2133.33M   02:03:40      0:0
24327334_8.2      salmon    125   9000  18000     3715.41M     2129.71M   02:03:32      0:0
24327334_8.3      salmon    125   9000  18000     3580.04M     2135.49M   02:03:32      0:0
  
Maximum memory per node: 280.503779 GB (defined as MaxRSS*Ntasks/NNodes)
CPU utilization: 99.8 %
  
