Looking for simulation folders in: /raven/ptmp/truzaikin/Si/orthogonal/Feb/Feb13_2eV, excluding 'slurm_logs'
Found 8 simulation folders (excluding 'slurm_logs') in /raven/ptmp/truzaikin/Si/orthogonal/Feb/Feb13_2eV.
There are 8 simulation folders.
Output/Error logs will be in the 'slurm_logs' directory.
--- Task Start ---
SLURM Array Job ID: 24327334
SLURM Array Task ID: 2
Parent Simulation Directory: /raven/ptmp/truzaikin/Si/orthogonal/Feb/Feb13_2eV
Processing folder: /raven/ptmp/truzaikin/Si/orthogonal/Feb/Feb13_2eV/c333_s0.050_r18_k16_a1_i804_t9_p4d10_6d11_2eV
Current directory: /raven/ptmp/truzaikin/Si/orthogonal/Feb/Feb13_2eV/c333_s0.050_r18_k16_a1_i804_t9_p4d10_6d11_2eV
SLURM_JOB_NUM_NODES = 125
OMP_NUM_THREADS = 1
--- Task 2 completed for folder /raven/ptmp/truzaikin/Si/orthogonal/Feb/Feb13_2eV/c333_s0.050_r18_k16_a1_i804_t9_p4d10_6d11_2eV ---
                                  
================================= 
Global information about the job: 
================================= 
  
Job owner: truzaikin(75115)
Job name:  salmon
Node list: ravc[3001-3026,3030,3032-3033,3035,3037-3040,3060,3067,3127-3128,3130-3132,3134-3143,3193-3196,3205-3206,3208,3217-3218,3221-3232,3235-3236,3255-3256,3258-3261,3265-3288,3408-3409,3414,3423,3427-3428,3665-3678,3687]
Job start: Fri Feb 13 21:59:21 CET 2026
Job end:   Sat Feb 14 04:30:09 CET 2026
Work dir:  /ptmp/truzaikin/Si/orthogonal/Feb/Feb13_2eV/./
Command:   /raven/ptmp/truzaikin/Si/orthogonal/Feb/Feb13_2eV/SUBMIT_RAVEN.sh
  
  
  
==========================================================================================
Information on jobsteps (Note: MaxRSS/AveRSS is the maximum/average over all 
tasks of the per-task memory high-water marks; cf. "man sacct"): 
==========================================================================================
  
JobID            JobName NNodes NTasks  NCPUS       MaxRSS       AveRSS    Elapsed ExitCode
------------- ---------- ------ ------ ------ ------------ ------------ ---------- --------
24327334_2        salmon    125         18000                             06:30:48      0:0
24327334_2.0      salmon    125   9000  18000     1481.42M     1235.21M   00:19:35      0:0
24327334_2.1      salmon    125   9000  18000     3448.13M     2133.58M   02:03:42      0:0
24327334_2.2      salmon    125   9000  18000     3627.73M     2135.55M   02:03:43      0:0
24327334_2.3      salmon    125   9000  18000     3451.91M     2134.57M   02:03:43      0:0
  
Maximum memory per node: 273.884479 GB (defined as MaxRSS*Ntasks/NNodes)
CPU utilization: 99.8 %
  
