Looking for simulation folders in: /raven/ptmp/truzaikin/Si/orthogonal/Feb/Feb13_2eV, excluding 'slurm_logs'
Found 8 simulation folders (excluding 'slurm_logs') in /raven/ptmp/truzaikin/Si/orthogonal/Feb/Feb13_2eV.
There are 8 simulation folders.
Output/Error logs will be in the 'slurm_logs' directory.
--- Task Start ---
SLURM Array Job ID: 24327334
SLURM Array Task ID: 4
Parent Simulation Directory: /raven/ptmp/truzaikin/Si/orthogonal/Feb/Feb13_2eV
Processing folder: /raven/ptmp/truzaikin/Si/orthogonal/Feb/Feb13_2eV/c333_s0.100_r18_k16_a1_i804_t9_p4d10_6d11_2eV
Current directory: /raven/ptmp/truzaikin/Si/orthogonal/Feb/Feb13_2eV/c333_s0.100_r18_k16_a1_i804_t9_p4d10_6d11_2eV
SLURM_JOB_NUM_NODES = 125
OMP_NUM_THREADS = 1
--- Task 4 completed for folder /raven/ptmp/truzaikin/Si/orthogonal/Feb/Feb13_2eV/c333_s0.100_r18_k16_a1_i804_t9_p4d10_6d11_2eV ---
                                  
================================= 
Global information about the job: 
================================= 
  
Job owner: truzaikin(75115)
Job name:  salmon
Node list: ravc[3001-3026,3030,3032-3033,3035,3037-3040,3060,3067,3127-3128,3130-3132,3134-3143,3193-3196,3205-3206,3208,3217-3218,3221-3232,3235-3236,3255-3256,3258-3261,3265-3288,3408-3409,3414,3423,3427-3428,3665-3678,3687]
Job start: Sat Feb 14 04:30:28 CET 2026
Job end:   Sat Feb 14 11:05:54 CET 2026
Work dir:  /ptmp/truzaikin/Si/orthogonal/Feb/Feb13_2eV/./
Command:   /raven/ptmp/truzaikin/Si/orthogonal/Feb/Feb13_2eV/SUBMIT_RAVEN.sh
  
  
  
==========================================================================================
Information on jobsteps (Note: MaxRSS/AveRSS is the maximum/average over all 
tasks of the per-task memory high-water marks; cf. "man sacct"): 
==========================================================================================
  
JobID            JobName NNodes NTasks  NCPUS       MaxRSS       AveRSS    Elapsed ExitCode
------------- ---------- ------ ------ ------ ------------ ------------ ---------- --------
24327334_4        salmon    125         18000                             06:35:26      0:0
24327334_4.0      salmon    125   9000  18000     1463.88M     1239.80M   00:24:26      0:0
24327334_4.1      salmon    125   9000  18000     3550.07M     2134.24M   02:03:39      0:0
24327334_4.2      salmon    125   9000  18000     3627.08M     2128.35M   02:03:37      0:0
24327334_4.3      salmon    125   9000  18000     3468.36M     2133.11M   02:03:37      0:0
  
Maximum memory per node: 273.835524 GB (defined as MaxRSS*Ntasks/NNodes)
CPU utilization: 99.8 %
  
