Looking for simulation folders in: /raven/ptmp/truzaikin/Si/orthogonal/Feb/Feb13_2eV, excluding 'slurm_logs'
Found 8 simulation folders (excluding 'slurm_logs') in /raven/ptmp/truzaikin/Si/orthogonal/Feb/Feb13_2eV.
There are 8 simulation folders.
Output/Error logs will be in the 'slurm_logs' directory.
--- Task Start ---
SLURM Array Job ID: 24327334
SLURM Array Task ID: 7
Parent Simulation Directory: /raven/ptmp/truzaikin/Si/orthogonal/Feb/Feb13_2eV
Processing folder: /raven/ptmp/truzaikin/Si/orthogonal/Feb/Feb13_2eV/c333_s0.175_r18_k16_a1_i804_t9_p4d10_6d11_2eV
Current directory: /raven/ptmp/truzaikin/Si/orthogonal/Feb/Feb13_2eV/c333_s0.175_r18_k16_a1_i804_t9_p4d10_6d11_2eV
SLURM_JOB_NUM_NODES = 125
OMP_NUM_THREADS = 1
--- Task 7 completed for folder /raven/ptmp/truzaikin/Si/orthogonal/Feb/Feb13_2eV/c333_s0.175_r18_k16_a1_i804_t9_p4d10_6d11_2eV ---
                                  
================================= 
Global information about the job: 
================================= 
  
                                  
                                  
================================= 
                                  
================================= 
Global information about the job: 
================================= 
Job owner: truzaikin(75115)
================================= 
Global information about the job: 
  
Global information about the job: 
================================= 
================================= 
  
Job name:  salmon
Node list: ravc[3001-3026,3030,3032-3033,3035,3037-3040,3119-3121,3127-3128,3130-3132,3134-3143,3193-3196,3205-3206,3208,3217-3218,3221-3232,3235-3236,3250,3255-3256,3258-3261,3265-3288,3368,3392,3399,3665-3679,3687]
Job start: Sat Feb 14 11:06:50 CET 2026
Job end:   Sat Feb 14 17:58:04 CET 2026
  
Job owner: truzaikin(75115)
Job owner: truzaikin(75115)
Work dir:  /ptmp/truzaikin/Si/orthogonal/Feb/Feb13_2eV/./
Job owner: truzaikin(75115)
Job name:  salmon
Job name:  salmon
Job name:  salmon
Node list: ravc3227
Job start: Sat Feb 14 11:06:50 CET 2026
Job end:   Sat Feb 14 17:58:04 CET 2026
Command:   /raven/ptmp/truzaikin/Si/orthogonal/Feb/Feb13_2eV/SUBMIT_RAVEN.sh
Node list: ravc3208
  
  
  
Job start: Sat Feb 14 11:06:50 CET 2026
Node list: ravc3217
==========================================================================================
Work dir:  /ptmp/truzaikin/Si/orthogonal/Feb/Feb13_2eV/./
Job end:   Sat Feb 14 17:58:04 CET 2026
Information on jobsteps (Note: MaxRSS/AveRSS is the maximum/average over all 
tasks of the per-task memory high-water marks; cf. "man sacct"): 
==========================================================================================
  
Job start: Sat Feb 14 11:06:50 CET 2026
Command:   /raven/ptmp/truzaikin/Si/orthogonal/Feb/Feb13_2eV/SUBMIT_RAVEN.sh
Work dir:  /ptmp/truzaikin/Si/orthogonal/Feb/Feb13_2eV/./
Job end:   Sat Feb 14 17:58:04 CET 2026
  
Command:   /raven/ptmp/truzaikin/Si/orthogonal/Feb/Feb13_2eV/SUBMIT_RAVEN.sh
Work dir:  /ptmp/truzaikin/Si/orthogonal/Feb/Feb13_2eV/./
  
  
  
Command:   /raven/ptmp/truzaikin/Si/orthogonal/Feb/Feb13_2eV/SUBMIT_RAVEN.sh
  
  
  
  
==========================================================================================
==========================================================================================
Information on jobsteps (Note: MaxRSS/AveRSS is the maximum/average over all 
Information on jobsteps (Note: MaxRSS/AveRSS is the maximum/average over all 
tasks of the per-task memory high-water marks; cf. "man sacct"): 
==========================================================================================
  
JobID            JobName NNodes NTasks  NCPUS       MaxRSS       AveRSS    Elapsed ExitCode
------------- ---------- ------ ------ ------ ------------ ------------ ---------- --------
24327334_7        salmon    125         18000                             06:51:14      0:0
24327334_7.0      salmon    125   9000  18000     1474.98M     1235.83M   00:40:11      0:0
24327334_7.1      salmon    125   9000  18000     3524.71M     2129.56M   02:03:36      0:0
24327334_7.2      salmon    125   9000  18000     3513.53M     2132.29M   02:03:42      0:0
24327334_7.3      salmon    125   9000  18000     3637.96M     2136.32M   02:03:38      0:0
  
tasks of the per-task memory high-water marks; cf. "man sacct"): 
  
==========================================================================================
==========================================================================================
Information on jobsteps (Note: MaxRSS/AveRSS is the maximum/average over all 
  
tasks of the per-task memory high-water marks; cf. "man sacct"): 
JobID            JobName NNodes NTasks  NCPUS       MaxRSS       AveRSS    Elapsed ExitCode
------------- ---------- ------ ------ ------ ------------ ------------ ---------- --------
24327334_7        salmon    125         18000                             06:51:14      0:0
24327334_7.0      salmon    125   9000  18000     1474.98M     1235.83M   00:40:11      0:0
24327334_7.1      salmon    125   9000  18000     3524.71M     2129.56M   02:03:36      0:0
24327334_7.2      salmon    125   9000  18000     3513.53M     2132.29M   02:03:42      0:0
24327334_7.3      salmon    125   9000  18000     3637.96M     2136.32M   02:03:38      0:0
==========================================================================================
  
Maximum memory per node: 274.656854 GB (defined as MaxRSS*Ntasks/NNodes)
  
CPU utilization: 99.8 %
  
Maximum memory per node: 274.656854 GB (defined as MaxRSS*Ntasks/NNodes)
CPU utilization: 99.8 %
  
JobID            JobName NNodes NTasks  NCPUS       MaxRSS       AveRSS    Elapsed ExitCode
------------- ---------- ------ ------ ------ ------------ ------------ ---------- --------
24327334_7        salmon    125         18000                             06:51:14      0:0
24327334_7.0      salmon    125   9000  18000     1474.98M     1235.83M   00:40:11      0:0
24327334_7.1      salmon    125   9000  18000     3524.71M     2129.56M   02:03:36      0:0
24327334_7.2      salmon    125   9000  18000     3513.53M     2132.29M   02:03:42      0:0
24327334_7.3      salmon    125   9000  18000     3637.96M     2136.32M   02:03:38      0:0
  
Maximum memory per node: 274.656854 GB (defined as MaxRSS*Ntasks/NNodes)
CPU utilization: 99.8 %
  
JobID            JobName NNodes NTasks  NCPUS       MaxRSS       AveRSS    Elapsed ExitCode
------------- ---------- ------ ------ ------ ------------ ------------ ---------- --------
24327334_7        salmon    125         18000                             06:51:14      0:0
24327334_7.0      salmon    125   9000  18000     1474.98M     1235.83M   00:40:11      0:0
24327334_7.1      salmon    125   9000  18000     3524.71M     2129.56M   02:03:36      0:0
24327334_7.2      salmon    125   9000  18000     3513.53M     2132.29M   02:03:42      0:0
24327334_7.3      salmon    125   9000  18000     3637.96M     2136.32M   02:03:38      0:0
  
Maximum memory per node: 274.656854 GB (defined as MaxRSS*Ntasks/NNodes)
CPU utilization: 99.8 %
  
