Looking for simulation folders in: /raven/ptmp/truzaikin/Si/orthogonal/Feb/Feb9, excluding 'slurm_logs'
Found 10 simulation folders (excluding 'slurm_logs') in /raven/ptmp/truzaikin/Si/orthogonal/Feb/Feb9.
There are 10 simulation folders.
Output/Error logs will be in the 'slurm_logs' directory.
--- Task Start ---
SLURM Array Job ID: 24244074
SLURM Array Task ID: 4
Parent Simulation Directory: /raven/ptmp/truzaikin/Si/orthogonal/Feb/Feb9
Processing folder: /raven/ptmp/truzaikin/Si/orthogonal/Feb/Feb9/c333_s0.100_r18_k16_a1_i804_t9_p2.2d9_6d11
Current directory: /raven/ptmp/truzaikin/Si/orthogonal/Feb/Feb9/c333_s0.100_r18_k16_a1_i804_t9_p2.2d9_6d11
SLURM_JOB_NUM_NODES = 125
OMP_NUM_THREADS = 1
--- Task 4 completed for folder /raven/ptmp/truzaikin/Si/orthogonal/Feb/Feb9/c333_s0.100_r18_k16_a1_i804_t9_p2.2d9_6d11 ---
                                  
================================= 
Global information about the job: 
================================= 
  
Job owner: truzaikin(75115)
Job name:  salmon
Node list: ravc[2006,2017-2030,2095-2100,2113-2144,2193-2199,2218-2222,2225,2229,2231,2235,2237-2238,2241-2250,2568-2572,2576,2583-2584,2617-2618,2621-2622,2629-2634,2636,2640-2643,2646-2648,2689-2692,2700-2703,2705-2711,2713,2716-2717]
Job start: Wed Feb 11 00:10:08 CET 2026
Job end:   Wed Feb 11 04:48:08 CET 2026
Work dir:  /ptmp/truzaikin/Si/orthogonal/Feb/Feb9/./
Command:   /raven/ptmp/truzaikin/Si/orthogonal/Feb/Feb9/SUBMIT_RAVEN.sh
  
  
  
==========================================================================================
Information on jobsteps (Note: MaxRSS/AveRSS is the maximum/average over all 
tasks of the per-task memory high-water marks; cf. "man sacct"): 
==========================================================================================
  
JobID            JobName NNodes NTasks  NCPUS       MaxRSS       AveRSS    Elapsed ExitCode
------------- ---------- ------ ------ ------ ------------ ------------ ---------- --------
24244074_4        salmon    125         18000                             04:38:00      0:0
24244074_4.0      salmon    125   9000  18000     1478.50M     1236.12M   00:31:00      0:0
24244074_4.1      salmon    125   9000  18000      460.07M      366.24M   02:03:23      0:0
24244074_4.2      salmon    125   9000  18000      454.07M      360.61M   02:03:24      0:0
  
Maximum memory per node: 111.622717 GB (defined as MaxRSS*Ntasks/NNodes)
CPU utilization: 99.8 %
  
