Looking for simulation folders in: /raven/ptmp/truzaikin/Si/orthogonal/Feb/Feb9, excluding 'slurm_logs'
Found 10 simulation folders (excluding 'slurm_logs') in /raven/ptmp/truzaikin/Si/orthogonal/Feb/Feb9.
There are 10 simulation folders.
Output/Error logs will be in the 'slurm_logs' directory.
--- Task Start ---
SLURM Array Job ID: 24244074
SLURM Array Task ID: 7
Parent Simulation Directory: /raven/ptmp/truzaikin/Si/orthogonal/Feb/Feb9
Processing folder: /raven/ptmp/truzaikin/Si/orthogonal/Feb/Feb9/c333_s0.100_r18_k16_a1_i804_t9_p3.5d7_6d11
Current directory: /raven/ptmp/truzaikin/Si/orthogonal/Feb/Feb9/c333_s0.100_r18_k16_a1_i804_t9_p3.5d7_6d11
SLURM_JOB_NUM_NODES = 125
OMP_NUM_THREADS = 1
--- Task 7 completed for folder /raven/ptmp/truzaikin/Si/orthogonal/Feb/Feb9/c333_s0.100_r18_k16_a1_i804_t9_p3.5d7_6d11 ---
                                  
================================= 
Global information about the job: 
================================= 
  
Job owner: truzaikin(75115)
Job name:  salmon
Node list: ravc[2006,2012-2013,2017-2029,2074,2077-2078,2081-2092,2095-2100,2104-2105,2107,2111-2144,2193-2199,2218-2222,2225,2229,2231,2235,2237-2238,2241-2250,2569-2572,2576,2689-2692,2700-2703,2705-2711,2713,2716-2717]
Job start: Wed Feb 11 04:49:50 CET 2026
Job end:   Wed Feb 11 09:21:35 CET 2026
Work dir:  /ptmp/truzaikin/Si/orthogonal/Feb/Feb9/./
Command:   /raven/ptmp/truzaikin/Si/orthogonal/Feb/Feb9/SUBMIT_RAVEN.sh
  
  
  
==========================================================================================
Information on jobsteps (Note: MaxRSS/AveRSS is the maximum/average over all 
tasks of the per-task memory high-water marks; cf. "man sacct"): 
==========================================================================================
  
JobID            JobName NNodes NTasks  NCPUS       MaxRSS       AveRSS    Elapsed ExitCode
------------- ---------- ------ ------ ------ ------------ ------------ ---------- --------
24244074_7        salmon    125         18000                             04:31:45      0:0
24244074_7.0      salmon    125   9000  18000     1477.15M     1234.77M   00:24:41      0:0
24244074_7.1      salmon    125   9000  18000     3630.03M     2137.62M   02:03:31      0:0
24244074_7.2      salmon    125   9000  18000     3634.52M     2130.05M   02:03:29      0:0
  
Maximum memory per node: 274.397331 GB (defined as MaxRSS*Ntasks/NNodes)
CPU utilization: 99.8 %
  
