##############################################################################
# SALMON: Scalable Ab-initio Light-Matter simulator for Optics and Nanoscience
#
#                             Version 2.2.1
##############################################################################
  Libxc: [enabled] 6.2.2
   theory= tddft_pulse
 
 Total time step      =       15000
 Time step[fs]        =  2.000000000000000E-003
 Energy range         =        3000
 Energy resolution[eV]=  1.000000000000000E-002
Laser frequency     = 0.17 1.50[eV]
Pulse width of laser=     12.00000000      5.80000000[fs]
Laser intensity     =  0.14000000E+11  0.50000000E+12[W/cm^2]
delay time          =      0.00000000[fs]
   use of real value orbitals =  F
 r-space parallelization: off
 ======
 MPI distribution:
   nproc_k     :          64
   nproc_ob    :           1
   nproc_rgrid :           1           1           1
 OpenMP parallelization:
   number of threads :          72
 hpsi stencil:
   enables hand-coding vectorization : T
   enables openmp parallelization    : T
 current:
   k,orbital parallelized of openmp  : F
 force:
   k,orbital parallelized of openmp  : F
 ===================pseudopotential data===================
 ik ,atom_symbol=           1 Si
 ps_format =KY              
 ps_file =./Si_rps.dat
 Zps(ik), Mlps(ik) =           4           2
 Rps(ik), NRps(ik) =   2.26767135054939              122
 Lref(ik) =           2
 nproj(ik,l) =           1           1           1
 anorm(ik,l) =  0.6193218      0.3646551      0.0000000E+00
 inorm(ik,l) =           1           1           0
 Mass(ik) =   28.0000000000000     
 flag_nlcc_element(ik) = F
 ==========================================================
 flag_nlcc =  F
 
 ============init_ps==============
 end init_ps
 Maximal rho_NLCC= 0.000000000000000E+000
 Maximal tau_NLCC= 0.000000000000000E+000
 == Ewald ==
 cutoff length in real-space in ewald =  4.00 [A]
 (buffer length in bookkeeping =  2.00 [A])
 cutoff length in G-space in ewald =  0.1870828864+102 [1/A]
 number of ion-ion pair(/atom) used for allocation of bookkeeping=    69
 ===========
   Static dipole moment(xyz) =   -0.1393275130E+04   -0.1393395792E+04   -0.1391929464E+04
 
 
  time-step  time[fs]                               Current(xyz)[a.u.]      electrons Total energy[eV] 
#----------------------------------------------------------------------
      10    0.02000000 -0.19984539E-08 -0.23610174E-11 -0.31580338E-12   256.00000014    -6919.93727091
      20    0.04000000 -0.90656466E-08 -0.38604698E-07 -0.59964774E-08   256.00336202    -6916.56983222
      30    0.06000000  0.10203533E-03 -0.11736130E-02 -0.12538083E-03   349.38733517    87825.76793224
           0 t=          32
           0 rbox1=  0.000000000000000E+000
           0 Ne=   91754.1870164606     
          14 t=          32
          14 rbox1=  0.000000000000000E+000
          14 Ne=   91754.1870164606     
          21 t=          32
          21 rbox1=  0.000000000000000E+000
          21 Ne=   91754.1870164606     
          18 t=          32
          18 rbox1=  0.000000000000000E+000
          18 Ne=   91754.1870164606     
          49 t=          32
          49 rbox1=  0.000000000000000E+000
          49 Ne=   91754.1870164606     
          27 t=          32
          27 rbox1=  0.000000000000000E+000
          27 Ne=   91754.1870164606     
          41 t=          32
          41 rbox1=  0.000000000000000E+000
          41 Ne=   91754.1870164606     
          10 t=          32
          10 rbox1=  0.000000000000000E+000
          10 Ne=   91754.1870164606     
          15 t=          32
          15 rbox1=  0.000000000000000E+000
          15 Ne=   91754.1870164606     
          17 t=          32
          17 rbox1=  0.000000000000000E+000
          17 Ne=   91754.1870164606     
          13 t=          32
          13 rbox1=  0.000000000000000E+000
          13 Ne=   91754.1870164606     
           7 t=          32
           7 rbox1=  0.000000000000000E+000
           7 Ne=   91754.1870164606     
          58 t=          32
          58 rbox1=  0.000000000000000E+000
          58 Ne=   91754.1870164606     
           4 t=          32
           4 rbox1=  0.000000000000000E+000
           4 Ne=   91754.1870164606     
          52 t=          32
          52 rbox1=  0.000000000000000E+000
          52 Ne=   91754.1870164606     
          33 t=          32
          33 rbox1=  0.000000000000000E+000
          33 Ne=   91754.1870164606     
           5 t=          32
           5 rbox1=  0.000000000000000E+000
           5 Ne=   91754.1870164606     
          40 t=          32
          40 rbox1=  0.000000000000000E+000
          40 Ne=   91754.1870164606     
          61 t=          32
          61 rbox1=  0.000000000000000E+000
          61 Ne=   91754.1870164606     
           9 t=          32
           9 rbox1=  0.000000000000000E+000
           9 Ne=   91754.1870164606     
          60 t=          32
          60 rbox1=  0.000000000000000E+000
          60 Ne=   91754.1870164606     
          26 t=          32
          26 rbox1=  0.000000000000000E+000
          26 Ne=   91754.1870164606     
          11 t=          32
          11 rbox1=  0.000000000000000E+000
          11 Ne=   91754.1870164606     
          37 t=          32
          37 rbox1=  0.000000000000000E+000
          37 Ne=   91754.1870164606     
          38 t=          32
          38 rbox1=  0.000000000000000E+000
          38 Ne=   91754.1870164606     
          20 t=          32
          20 rbox1=  0.000000000000000E+000
          20 Ne=   91754.1870164606     
          46 t=          32
          46 rbox1=  0.000000000000000E+000
          46 Ne=   91754.1870164606     
          12 t=          32
          12 rbox1=  0.000000000000000E+000
          12 Ne=   91754.1870164606     
          25 t=          32
          25 rbox1=  0.000000000000000E+000
          25 Ne=   91754.1870164606     
          35 t=          32
          35 rbox1=  0.000000000000000E+000
          35 Ne=   91754.1870164606     
           1 t=          32
           1 rbox1=  0.000000000000000E+000
           1 Ne=   91754.1870164606     
          54 t=          32
          54 rbox1=  0.000000000000000E+000
          54 Ne=   91754.1870164606     
          56 t=          32
          56 rbox1=  0.000000000000000E+000
          56 Ne=   91754.1870164606     
           3 t=          32
           3 rbox1=  0.000000000000000E+000
           3 Ne=   91754.1870164606     
          62 t=          32
          62 rbox1=  0.000000000000000E+000
          62 Ne=   91754.1870164606     
          23 t=          32
          23 rbox1=  0.000000000000000E+000
          23 Ne=   91754.1870164606     
           8 t=          32
           8 rbox1=  0.000000000000000E+000
           8 Ne=   91754.1870164606     
          24 t=          32
          24 rbox1=  0.000000000000000E+000
          24 Ne=   91754.1870164606     
          32 t=          32
          32 rbox1=  0.000000000000000E+000
          32 Ne=   91754.1870164606     
          50 t=          32
          50 rbox1=  0.000000000000000E+000
          50 Ne=   91754.1870164606     
           6 t=          32
           6 rbox1=  0.000000000000000E+000
           6 Ne=   91754.1870164606     
          53 t=          32
          53 rbox1=  0.000000000000000E+000
          53 Ne=   91754.1870164606     
          30 t=          32
          30 rbox1=  0.000000000000000E+000
          30 Ne=   91754.1870164606     
          57 t=          32
          57 rbox1=  0.000000000000000E+000
          43 t=          32
          43 rbox1=  0.000000000000000E+000
          43 Ne=   91754.1870164606     
          59 t=          32
          59 rbox1=  0.000000000000000E+000
          59 Ne=   91754.1870164606     
          45 t=          32
          45 rbox1=  0.000000000000000E+000
          45 Ne=   91754.1870164606     
           2 t=          32
           2 rbox1=  0.000000000000000E+000
           2 Ne=   91754.1870164606     
          34 t=          32
          34 rbox1=  0.000000000000000E+000
          34 Ne=   91754.1870164606     
          39 t=          32
          39 rbox1=  0.000000000000000E+000
          39 Ne=   91754.1870164606     
          28 t=          32
          28 rbox1=  0.000000000000000E+000
          28 Ne=   91754.1870164606     
          16 t=          32
          16 rbox1=  0.000000000000000E+000
          16 Ne=   91754.1870164606     
          47 t=          32
          47 rbox1=  0.000000000000000E+000
          19 t=          32
          19 rbox1=  0.000000000000000E+000
          19 Ne=   91754.1870164606     
          31 t=          32
          31 rbox1=  0.000000000000000E+000
          31 Ne=   91754.1870164606     
          55 t=          32
          55 rbox1=  0.000000000000000E+000
          42 t=          32
          42 rbox1=  0.000000000000000E+000
          42 Ne=   91754.1870164606     
          51 t=          32
          51 rbox1=  0.000000000000000E+000
          22 t=          32
          22 rbox1=  0.000000000000000E+000
          22 Ne=   91754.1870164606     
          36 t=          32
          36 rbox1=  0.000000000000000E+000
          36 Ne=   91754.1870164606     
          44 t=          32
          44 rbox1=  0.000000000000000E+000
          44 Ne=   91754.1870164606     
          57 Ne=   91754.1870164606     
          47 Ne=   91754.1870164606     
          55 Ne=   91754.1870164606     
          51 Ne=   91754.1870164606     
          29 t=          32
          29 rbox1=  0.000000000000000E+000
          29 Ne=   91754.1870164606     
          63 t=          32
          63 rbox1=  0.000000000000000E+000
          63 Ne=   91754.1870164606     
          48 t=          32
          48 rbox1=  0.000000000000000E+000
          48 Ne=   91754.1870164606     
