Looking for simulation folders in: /raven/ptmp/truzaikin/Si/orthogonal/Feb/Feb11/Feb11_111, excluding 'slurm_logs'
Found 3 simulation folders (excluding 'slurm_logs') in /raven/ptmp/truzaikin/Si/orthogonal/Feb/Feb11/Feb11_111.
There are 3 simulation folders.
Output/Error logs will be in the 'slurm_logs' directory.
--- Task Start ---
SLURM Array Job ID: 24297609
SLURM Array Task ID: 2
Parent Simulation Directory: /raven/ptmp/truzaikin/Si/orthogonal/Feb/Feb11/Feb11_111
Processing folder: /raven/ptmp/truzaikin/Si/orthogonal/Feb/Feb11/Feb11_111/c111_s0.000_r18_k18_a1_i800_t9_p4d10_1d12
Current directory: /raven/ptmp/truzaikin/Si/orthogonal/Feb/Feb11/Feb11_111/c111_s0.000_r18_k18_a1_i800_t9_p4d10_1d12
SLURM_JOB_NUM_NODES = 16
OMP_NUM_THREADS = 72
--- Task 2 completed for folder /raven/ptmp/truzaikin/Si/orthogonal/Feb/Feb11/Feb11_111/c111_s0.000_r18_k18_a1_i800_t9_p4d10_1d12 ---
                                  
================================= 
Global information about the job: 
================================= 
  
Job owner: truzaikin(75115)
Job name:  salmon
Node list: ravc[3002,3014-3015,3017,3019,3027-3029,3031,3034,3036-3039,3169-3170]
Job start: Thu Feb 12 07:34:39 CET 2026
Job end:   Thu Feb 12 08:48:43 CET 2026
Work dir:  /ptmp/truzaikin/Si/orthogonal/Feb/Feb11/Feb11_111/./
Command:   /raven/ptmp/truzaikin/Si/orthogonal/Feb/Feb11/Feb11_111/SUBMIT_RAVEN.sh
  
  
  
==========================================================================================
Information on jobsteps (Note: MaxRSS/AveRSS is the maximum/average over all 
tasks of the per-task memory high-water marks; cf. "man sacct"): 
==========================================================================================
  
JobID            JobName NNodes NTasks  NCPUS       MaxRSS       AveRSS    Elapsed ExitCode
------------- ---------- ------ ------ ------ ------------ ------------ ---------- --------
24297609_2        salmon     16          2304                             01:14:04      0:0
24297609_2.0      salmon     16     16   2304    11585.97M    11542.75M   00:05:47      0:0
24297609_2.1      salmon     16     16   2304     5565.56M     5536.77M   00:22:41      0:0
24297609_2.2      salmon     16     16   2304     5560.17M     5530.79M   00:22:46      0:0
24297609_2.3      salmon     16     16   2304     5541.26M     5531.85M   00:22:42      0:0
  
Maximum memory per node: 12.148769 GB (defined as MaxRSS*Ntasks/NNodes)
CPU utilization: 98.8 %
  
