Looking for simulation folders in: /raven/ptmp/truzaikin/Si/orthogonal/Feb/Feb9, excluding 'slurm_logs'
Found 11 simulation folders (excluding 'slurm_logs') in /raven/ptmp/truzaikin/Si/orthogonal/Feb/Feb9.
There are 11 simulation folders.
Output/Error logs will be in the 'slurm_logs' directory.
--- Task Start ---
SLURM Array Job ID: 24311368
SLURM Array Task ID: 4
Parent Simulation Directory: /raven/ptmp/truzaikin/Si/orthogonal/Feb/Feb9
Processing folder: /raven/ptmp/truzaikin/Si/orthogonal/Feb/Feb9/c333_s0.100_r18_k16_a1_i804_t9_p2.2d9_6d11
Current directory: /raven/ptmp/truzaikin/Si/orthogonal/Feb/Feb9/c333_s0.100_r18_k16_a1_i804_t9_p2.2d9_6d11
SLURM_JOB_NUM_NODES = 125
OMP_NUM_THREADS = 1
--- Task 4 completed for folder /raven/ptmp/truzaikin/Si/orthogonal/Feb/Feb9/c333_s0.100_r18_k16_a1_i804_t9_p2.2d9_6d11 ---
                                  
================================= 
Global information about the job: 
================================= 
  
Job owner: truzaikin(75115)
Job name:  salmon
Node list: ravc[3001-3004,3006-3007,3014-3017,3019-3020,3022-3023,3025-3029,3031,3034,3036-3039,3128,3130-3132,3138-3142,3194-3195,3289-3318,3322-3323,3441-3452,3459,3461-3468,3471-3472,3505-3534,3541-3544]
Job start: Fri Feb 13 13:28:14 CET 2026
Job end:   Fri Feb 13 15:31:42 CET 2026
Work dir:  /ptmp/truzaikin/Si/orthogonal/Feb/Feb9/./
Command:   /raven/ptmp/truzaikin/Si/orthogonal/Feb/Feb9/SUBMIT_RAVEN.sh
  
  
  
==========================================================================================
Information on jobsteps (Note: MaxRSS/AveRSS is the maximum/average over all 
tasks of the per-task memory high-water marks; cf. "man sacct"): 
==========================================================================================
  
JobID            JobName NNodes NTasks  NCPUS       MaxRSS       AveRSS    Elapsed ExitCode
------------- ---------- ------ ------ ------ ------------ ------------ ---------- --------
24311368_4        salmon    125         18000                             02:03:28      0:0
24311368_4.0      salmon    125   9000  18000      451.30M      359.32M   02:03:24      0:0
  
Maximum memory per node: 34.072068 GB (defined as MaxRSS*Ntasks/NNodes)
CPU utilization: 99.9 %
  
