Looking for simulation folders in: /raven/ptmp/truzaikin/Si/orthogonal/Feb/Feb9, excluding 'slurm_logs'
Found 11 simulation folders (excluding 'slurm_logs') in /raven/ptmp/truzaikin/Si/orthogonal/Feb/Feb9.
There are 11 simulation folders.
Output/Error logs will be in the 'slurm_logs' directory.
--- Task Start ---
SLURM Array Job ID: 24311368
SLURM Array Task ID: 1
Parent Simulation Directory: /raven/ptmp/truzaikin/Si/orthogonal/Feb/Feb9
Processing folder: /raven/ptmp/truzaikin/Si/orthogonal/Feb/Feb9/c333_s0.100_r18_k16_a1_i804_t9_p1.3d9_6d11
Current directory: /raven/ptmp/truzaikin/Si/orthogonal/Feb/Feb9/c333_s0.100_r18_k16_a1_i804_t9_p1.3d9_6d11
SLURM_JOB_NUM_NODES = 125
OMP_NUM_THREADS = 1
--- Task 1 completed for folder /raven/ptmp/truzaikin/Si/orthogonal/Feb/Feb9/c333_s0.100_r18_k16_a1_i804_t9_p1.3d9_6d11 ---
                                  
================================= 
Global information about the job: 
================================= 
  
Job owner: truzaikin(75115)
Job name:  salmon
Node list: ravc[3073-3081,3083-3092,3105,3108-3127,3143,3193,3217-3218,3221-3232,3235-3236,3247,3249-3255,3369-3388,3397-3400,3433-3440,3453-3456,3565,3623-3633,3635,3637,3639-3644,3646-3648]
Job start: Fri Feb 13 08:10:39 CET 2026
Job end:   Fri Feb 13 10:14:12 CET 2026
Work dir:  /ptmp/truzaikin/Si/orthogonal/Feb/Feb9/./
Command:   /raven/ptmp/truzaikin/Si/orthogonal/Feb/Feb9/SUBMIT_RAVEN.sh
  
  
  
==========================================================================================
Information on jobsteps (Note: MaxRSS/AveRSS is the maximum/average over all 
tasks of the per-task memory high-water marks; cf. "man sacct"): 
==========================================================================================
  
JobID            JobName NNodes NTasks  NCPUS       MaxRSS       AveRSS    Elapsed ExitCode
------------- ---------- ------ ------ ------ ------------ ------------ ---------- --------
24311368_1        salmon    125         18000                             02:03:33      0:0
24311368_1.0      salmon    125   9000  18000      456.79M      364.04M   02:03:26      0:0
  
Maximum memory per node: 34.486714 GB (defined as MaxRSS*Ntasks/NNodes)
CPU utilization: 99.8 %
  
