Looking for simulation folders in: /raven/ptmp/truzaikin/Si/orthogonal/Feb/Feb17_111, excluding 'slurm_logs'
Found 3 simulation folders (excluding 'slurm_logs') in /raven/ptmp/truzaikin/Si/orthogonal/Feb/Feb17_111.
There are 3 simulation folders.
Output/Error logs will be in the 'slurm_logs' directory.
--- Task Start ---
SLURM Array Job ID: 24401021
SLURM Array Task ID: 1
Parent Simulation Directory: /raven/ptmp/truzaikin/Si/orthogonal/Feb/Feb17_111
Processing folder: /raven/ptmp/truzaikin/Si/orthogonal/Feb/Feb17_111/c111_s0.000_r18_k18_a1_i800_t9_p1.5d11_1d12_1eV
Current directory: /raven/ptmp/truzaikin/Si/orthogonal/Feb/Feb17_111/c111_s0.000_r18_k18_a1_i800_t9_p1.5d11_1d12_1eV
SLURM_JOB_NUM_NODES = 16
OMP_NUM_THREADS = 72
--- Task 1 completed for folder /raven/ptmp/truzaikin/Si/orthogonal/Feb/Feb17_111/c111_s0.000_r18_k18_a1_i800_t9_p1.5d11_1d12_1eV ---
                                  
================================= 
Global information about the job: 
================================= 
  
Job owner: truzaikin(75115)
Job name:  salmon
Node list: ravc[2293,2302-2303,2443-2448,2459,2463-2467,2469]
Job start: Fri Feb 20 22:28:35 CET 2026
Job end:   Fri Feb 20 23:42:36 CET 2026
Work dir:  /ptmp/truzaikin/Si/orthogonal/Feb/Feb17_111/./
Command:   /raven/ptmp/truzaikin/Si/orthogonal/Feb/Feb17_111/SUBMIT_RAVEN.sh
  
  
  
==========================================================================================
Information on jobsteps (Note: MaxRSS/AveRSS is the maximum/average over all 
tasks of the per-task memory high-water marks; cf. "man sacct"): 
==========================================================================================
  
JobID            JobName NNodes NTasks  NCPUS       MaxRSS       AveRSS    Elapsed ExitCode
------------- ---------- ------ ------ ------ ------------ ------------ ---------- --------
24401021_1        salmon     16          2304                             01:14:01      0:0
24401021_1.0      salmon     16     16   2304    11589.56M    11545.80M   00:05:41      0:0
24401021_1.1      salmon     16     16   2304     5540.37M     5531.23M   00:22:45      0:0
24401021_1.2      salmon     16     16   2304     5540.55M     5528.78M   00:22:45      0:0
24401021_1.3      salmon     16     16   2304     5573.59M     5558.15M   00:22:42      0:0
  
Maximum memory per node: 12.152533 GB (defined as MaxRSS*Ntasks/NNodes)
CPU utilization: 98.9 %
  
