Looking for simulation folders in: /raven/ptmp/truzaikin/Si/orthogonal/Feb/Feb17_111, excluding 'slurm_logs'
Found 3 simulation folders (excluding 'slurm_logs') in /raven/ptmp/truzaikin/Si/orthogonal/Feb/Feb17_111.
There are 3 simulation folders.
Output/Error logs will be in the 'slurm_logs' directory.
--- Task Start ---
SLURM Array Job ID: 24401021
SLURM Array Task ID: 2
Parent Simulation Directory: /raven/ptmp/truzaikin/Si/orthogonal/Feb/Feb17_111
Processing folder: /raven/ptmp/truzaikin/Si/orthogonal/Feb/Feb17_111/c111_s0.000_r18_k18_a1_i800_t9_p4d10_5d11_1.5eV
Current directory: /raven/ptmp/truzaikin/Si/orthogonal/Feb/Feb17_111/c111_s0.000_r18_k18_a1_i800_t9_p4d10_5d11_1.5eV
SLURM_JOB_NUM_NODES = 16
OMP_NUM_THREADS = 72
--- Task 2 completed for folder /raven/ptmp/truzaikin/Si/orthogonal/Feb/Feb17_111/c111_s0.000_r18_k18_a1_i800_t9_p4d10_5d11_1.5eV ---
                                  
================================= 
Global information about the job: 
================================= 
  
Job owner: truzaikin(75115)
Job name:  salmon
Node list: ravc[2304,2338-2339,2343-2344,2346,2352-2354,2356,2360,2662-2663,2666,2669,2674]
Job start: Fri Feb 20 22:28:35 CET 2026
Job end:   Fri Feb 20 23:42:30 CET 2026
Work dir:  /ptmp/truzaikin/Si/orthogonal/Feb/Feb17_111/./
Command:   /raven/ptmp/truzaikin/Si/orthogonal/Feb/Feb17_111/SUBMIT_RAVEN.sh
  
  
  
==========================================================================================
Information on jobsteps (Note: MaxRSS/AveRSS is the maximum/average over all 
tasks of the per-task memory high-water marks; cf. "man sacct"): 
==========================================================================================
  
JobID            JobName NNodes NTasks  NCPUS       MaxRSS       AveRSS    Elapsed ExitCode
------------- ---------- ------ ------ ------ ------------ ------------ ---------- --------
24401021_2        salmon     16          2304                             01:13:55      0:0
24401021_2.0      salmon     16     16   2304    11590.39M    11550.25M   00:05:41      0:0
24401021_2.1      salmon     16     16   2304     5542.53M     5532.27M   00:22:43      0:0
24401021_2.2      salmon     16     16   2304     5540.58M     5532.49M   00:22:42      0:0
24401021_2.3      salmon     16     16   2304     5571.90M     5550.45M   00:22:41      0:0
  
Maximum memory per node: 12.153410 GB (defined as MaxRSS*Ntasks/NNodes)
CPU utilization: 98.9 %
  
