Looking for simulation folders in: /raven/ptmp/truzaikin/Si/orthogonal/Feb/Feb17_absorption_111, excluding 'slurm_logs'
Found 1 simulation folders (excluding 'slurm_logs') in /raven/ptmp/truzaikin/Si/orthogonal/Feb/Feb17_absorption_111.
There are 1 simulation folders.
Output/Error logs will be in the 'slurm_logs' directory.
--- Task Start ---
SLURM Array Job ID: 24401008
SLURM Array Task ID: 1
Parent Simulation Directory: /raven/ptmp/truzaikin/Si/orthogonal/Feb/Feb17_absorption_111
Processing folder: /raven/ptmp/truzaikin/Si/orthogonal/Feb/Feb17_absorption_111/c111_s0.000_r18_k18_a1_i800_t9_p0d10_0d11_2eV
Current directory: /raven/ptmp/truzaikin/Si/orthogonal/Feb/Feb17_absorption_111/c111_s0.000_r18_k18_a1_i800_t9_p0d10_0d11_2eV
SLURM_JOB_NUM_NODES = 16
OMP_NUM_THREADS = 72
--- Task 1 completed for folder /raven/ptmp/truzaikin/Si/orthogonal/Feb/Feb17_absorption_111/c111_s0.000_r18_k18_a1_i800_t9_p0d10_0d11_2eV ---
                                  
================================= 
Global information about the job: 
================================= 
  
Job owner: truzaikin(75115)
Job name:  salmon
Node list: ravc[3091,3093-3094,3222-3229,3246,3250-3251,3638,3644]
Job start: Fri Feb 20 22:14:01 CET 2026
Job end:   Fri Feb 20 23:05:08 CET 2026
Work dir:  /ptmp/truzaikin/Si/orthogonal/Feb/Feb17_absorption_111/./
Command:   /raven/ptmp/truzaikin/Si/orthogonal/Feb/Feb17_absorption_111/SUBMIT_RAVEN.sh
  
  
  
==========================================================================================
Information on jobsteps (Note: MaxRSS/AveRSS is the maximum/average over all 
tasks of the per-task memory high-water marks; cf. "man sacct"): 
==========================================================================================
  
JobID            JobName NNodes NTasks  NCPUS       MaxRSS       AveRSS    Elapsed ExitCode
------------- ---------- ------ ------ ------ ------------ ------------ ---------- --------
24401008_1        salmon     16          2304                             00:51:07      0:0
24401008_1.0      salmon     16     16   2304    11567.20M    11546.73M   00:05:44      0:0
24401008_1.1      salmon     16     16   2304     2526.75M     2516.08M   00:45:12      0:0
  
Maximum memory per node: 12.129092 GB (defined as MaxRSS*Ntasks/NNodes)
CPU utilization: 98.7 %
  
