Looking for simulation folders in: /raven/ptmp/truzaikin/Si/orthogonal/Feb/Feb11/Feb11_111, excluding 'slurm_logs'
Found 3 simulation folders (excluding 'slurm_logs') in /raven/ptmp/truzaikin/Si/orthogonal/Feb/Feb11/Feb11_111.
There are 3 simulation folders.
Output/Error logs will be in the 'slurm_logs' directory.
--- Task Start ---
SLURM Array Job ID: 24297609
SLURM Array Task ID: 1
Parent Simulation Directory: /raven/ptmp/truzaikin/Si/orthogonal/Feb/Feb11/Feb11_111
Processing folder: /raven/ptmp/truzaikin/Si/orthogonal/Feb/Feb11/Feb11_111/c111_s0.000_r18_k18_a1_i800_t9_p3d10_5d11
Current directory: /raven/ptmp/truzaikin/Si/orthogonal/Feb/Feb11/Feb11_111/c111_s0.000_r18_k18_a1_i800_t9_p3d10_5d11
SLURM_JOB_NUM_NODES = 16
OMP_NUM_THREADS = 72
--- Task 1 completed for folder /raven/ptmp/truzaikin/Si/orthogonal/Feb/Feb11/Feb11_111/c111_s0.000_r18_k18_a1_i800_t9_p3d10_5d11 ---
                                  
================================= 
Global information about the job: 
================================= 
  
Job owner: truzaikin(75115)
Job name:  salmon
Node list: ravc[3128,3138,3148,3150,3152-3153,3155,3166,3173,3181-3182,3412,3419,3423,3473-3474]
Job start: Thu Feb 12 07:25:59 CET 2026
Job end:   Thu Feb 12 08:40:02 CET 2026
Work dir:  /ptmp/truzaikin/Si/orthogonal/Feb/Feb11/Feb11_111/./
Command:   /raven/ptmp/truzaikin/Si/orthogonal/Feb/Feb11/Feb11_111/SUBMIT_RAVEN.sh
  
  
  
==========================================================================================
Information on jobsteps (Note: MaxRSS/AveRSS is the maximum/average over all 
tasks of the per-task memory high-water marks; cf. "man sacct"): 
==========================================================================================
  
JobID            JobName NNodes NTasks  NCPUS       MaxRSS       AveRSS    Elapsed ExitCode
------------- ---------- ------ ------ ------ ------------ ------------ ---------- --------
24297609_1        salmon     16          2304                             01:14:03      0:0
24297609_1.0      salmon     16     16   2304    11549.98M    11525.26M   00:05:48      0:0
24297609_1.1      salmon     16     16   2304     5569.80M     5551.03M   00:22:43      0:0
24297609_1.2      salmon     16     16   2304     5546.52M     5533.44M   00:22:42      0:0
24297609_1.3      salmon     16     16   2304     5547.29M     5532.48M   00:22:46      0:0
  
Maximum memory per node: 12.111036 GB (defined as MaxRSS*Ntasks/NNodes)
CPU utilization: 98.9 %
  
